INFO:picamera2.picamera2:Initialization successful.
INFO:picamera2.picamera2:Camera now open.
INFO:picamera2.picamera2:Camera configuration has been adjusted!
INFO:picamera2.picamera2:Configuration successful!
INFO:picamera2.picamera2:Camera started
INFO:picamera2.picamera2:Camera stopped
INFO:picamera2.picamera2:Camera configuration has been adjusted!
INFO:picamera2.picamera2:Configuration successful!
INFO:picamera2.picamera2:Camera started
INFO:picamera2.picamera2:Camera stopped
INFO:picamera2.picamera2:Configuration successful!
INFO:picamera2.picamera2:Camera started
INFO:picamera2.picamera2:Initialization successful.
INFO:picamera2.picamera2:Camera now open.
INFO:picamera2.picamera2:Camera configuration has been adjusted!
INFO:picamera2.picamera2:Configuration successful!
INFO:picamera2.picamera2:Camera started
INFO:picamera2.picamera2:Initialization successful.
INFO:picamera2.picamera2:Camera now open.
INFO:picamera2.picamera2:Camera configuration has been adjusted!
INFO:picamera2.picamera2:Configuration successful!
INFO:picamera2.picamera2:Camera started
INFO:picamera2.picamera2:Camera stopped
INFO:picamera2.picamera2:Camera configuration has been adjusted!
INFO:picamera2.picamera2:Configuration successful!
INFO:picamera2.picamera2:Camera started
INFO:picamera2.picamera2:Camera stopped
INFO:picamera2.picamera2:Configuration successful!
INFO:picamera2.picamera2:Camera started
INFO:picamera2.picamera2:Camera stopped
INFO:picamera2.picamera2:Configuration successful!
INFO:picamera2.picamera2:Camera started
INFO:picamera2.picamera2:Camera stopped
INFO:picamera2.picamera2:Configuration successful!
INFO:picamera2.picamera2:Camera started
